[{"id":1,"createdAt":"2021-11-02T19:57:19Z","updatedAt":"2021-11-02T19:57:19Z","email":"katiesanchez@henry.info","name":"宇野 太郎"}]